
> content-platform-frontend@0.0.0 build
> vite build

[36mvite v7.3.0 [32mbuilding client environment for production...[36m[39m
transforming...
[32mÔ£ô[39m 3 modules transformed.
node.exe : [31mÔ£ù[39m 
Build failed in 91ms
At 
C:\nvm4w\nodejs\npm.ps1:29 
char:3
+   & $NODE_EXE $NPM_CLI_JS 
$args
+   ~~~~~~~~~~~~~~~~~~~~~~~~
~~~~~
    + CategoryInfo          
    : NotSpecified: ([31m  
  Ô£ù[39m Build failed i   
 n 91ms:String) [], Remo    
teException
    + FullyQualifiedErrorId 
    : NativeCommandError
 
[31merror during build:
[31mCould not resolve 
"./App.jsx" from 
"src/main.jsx"[31m
file: [36mC:/Users/chhnm/On
eDrive/Desktop/practice/Reac
t/AICP/vami-platform/fronten
d/src/main.jsx[31m
    at getRollupError (file:
///C:/Users/chhnm/OneDrive/D
esktop/practice/React/AICP/v
ami-platform/frontend/node_m
odules/rollup/dist/es/shared
/parseAst.js:401:41)
    at error (file:///C:/Use
rs/chhnm/OneDrive/Desktop/pr
actice/React/AICP/vami-platf
orm/frontend/node_modules/ro
llup/dist/es/shared/parseAst
.js:397:42)
    at ModuleLoader.handleIn
validResolvedId (file:///C:/
Users/chhnm/OneDrive/Desktop
/practice/React/AICP/vami-pl
atform/frontend/node_modules
/rollup/dist/es/shared/node-
entry.js:21661:24)
    at file:///C:/Users/chhn
m/OneDrive/Desktop/practice/
React/AICP/vami-platform/fro
ntend/node_modules/rollup/di
st/es/shared/node-entry.js:2
1621:26[39m
